[debug] [2026-05-28T02:41:25.012Z] ----------------------------------------------------------------------
[debug] [2026-05-28T02:41:25.014Z] Command:       /opt/homebrew/Cellar/node/24.8.0/bin/node /opt/homebrew/bin/firebase projects:list
[debug] [2026-05-28T02:41:25.014Z] CLI Version:   14.24.0
[debug] [2026-05-28T02:41:25.014Z] Platform:      darwin
[debug] [2026-05-28T02:41:25.014Z] Node Version:  v24.8.0
[debug] [2026-05-28T02:41:25.014Z] Time:          Wed May 27 2026 19:41:25 GMT-0700 (Pacific Daylight Time)
[debug] [2026-05-28T02:41:25.014Z] ----------------------------------------------------------------------
[debug] 
[debug] [2026-05-28T02:41:25.016Z] >>> [apiv2][query] GET https://firebase-public.firebaseio.com/cli.json [none]
[debug] [2026-05-28T02:41:25.114Z] Object "" in "firebase.json" has unknown property: {"additionalProperty":"auth"}
[debug] [2026-05-28T02:41:25.120Z] > command requires scopes: ["email","openid","https://www.googleapis.com/auth/cloudplatformprojects.readonly","https://www.googleapis.com/auth/firebase","https://www.googleapis.com/auth/cloud-platform"]
[debug] [2026-05-28T02:41:25.120Z] > authorizing via signed-in user (jackpangalia1@gmail.com)
[debug] [2026-05-28T02:41:25.121Z] Checked if tokens are valid: false, expires at: 1779925578683
[debug] [2026-05-28T02:41:25.121Z] Checked if tokens are valid: false, expires at: 1779925578683
[debug] [2026-05-28T02:41:25.121Z] > refreshing access token with scopes: []
[debug] [2026-05-28T02:41:25.122Z] >>> [apiv2][query] POST https://www.googleapis.com/oauth2/v3/token [none]
[debug] [2026-05-28T02:41:25.122Z] >>> [apiv2][body] POST https://www.googleapis.com/oauth2/v3/token [omitted]
[debug] [2026-05-28T02:41:25.235Z] <<< [apiv2][status] GET https://firebase-public.firebaseio.com/cli.json 403
[debug] [2026-05-28T02:41:25.235Z] <<< [apiv2][body] GET https://firebase-public.firebaseio.com/cli.json "Blocked by sandbox network policy\nDestination: firebase-public.firebaseio.com:443\nReason: not on allow list\n"
[warn] ⚠  Unable to fetch the CLI MOTD and remote config. This is not a fatal error, but may indicate an issue with your network connection. 
[debug] [2026-05-28T02:41:25.235Z] Failed to fetch MOTD FirebaseError: Unable to parse JSON: SyntaxError: Unexpected token 'B', "Blocked by"... is not valid JSON
[debug] [2026-05-28T02:41:25.236Z] <<< [apiv2][status] POST https://www.googleapis.com/oauth2/v3/token 200
[debug] [2026-05-28T02:41:25.236Z] <<< [apiv2][body] POST https://www.googleapis.com/oauth2/v3/token [omitted]
[error] Authentication Error: Your credentials are no longer valid. Please run firebase login --reauth

For CI servers and headless environments, generate a new token with firebase login:ci
[debug] [2026-05-28T02:41:25.237Z] Authentication Error: Your credentials are no longer valid. Please run firebase login --reauth

For CI servers and headless environments, generate a new token with firebase login:ci
[debug] [2026-05-28T02:41:25.238Z] FirebaseError: Authentication Error: Your credentials are no longer valid. Please run firebase login --reauth

For CI servers and headless environments, generate a new token with firebase login:ci
    at invalidCredentialError (/opt/homebrew/lib/node_modules/firebase-tools/lib/auth.js:167:12)
    at refreshTokens (/opt/homebrew/lib/node_modules/firebase-tools/lib/auth.js:591:15)
    at process.processTicksAndRejections (node:internal/process/task_queues:105:5)
    at async getAccessToken (/opt/homebrew/lib/node_modules/firebase-tools/lib/apiv2.js:42:18)
    at async Client.addAuthHeader (/opt/homebrew/lib/node_modules/firebase-tools/lib/apiv2.js:169:21)
    at async Client.request (/opt/homebrew/lib/node_modules/firebase-tools/lib/apiv2.js:120:34)
    at async getProjectPage (/opt/homebrew/lib/node_modules/firebase-tools/lib/management/projects.js:279:17)
    at async getFirebaseProjectPage (/opt/homebrew/lib/node_modules/firebase-tools/lib/management/projects.js:296:23)
    at async listFirebaseProjects (/opt/homebrew/lib/node_modules/firebase-tools/lib/management/projects.js:327:29)
    at async Command.actionFn (/opt/homebrew/lib/node_modules/firebase-tools/lib/commands/projects-list.js:51:20)
[error] 
[error] Error: Failed to list Firebase projects. See firebase-debug.log for more info.
[debug] [2026-05-28T02:41:25.506Z] Error: EPERM: operation not permitted, open '/Users/moserun/.config/configstore/firebase-tools.json.3432444817'
    at Object.openSync (node:fs:560:18)
    at writeFile.writeFileSync [as sync] (/opt/homebrew/lib/node_modules/firebase-tools/node_modules/write-file-atomic/index.js:205:13)
    at set all (/opt/homebrew/lib/node_modules/firebase-tools/node_modules/configstore/index.js:61:20)
    at Configstore.delete (/opt/homebrew/lib/node_modules/firebase-tools/node_modules/configstore/index.js:101:12)
    at process.<anonymous> (/opt/homebrew/lib/node_modules/firebase-tools/lib/bin/cli.js:65:45)
    at process.emit (node:events:520:35)
    at process.exit (node:internal/process/per_thread:236:15)
    at Timeout._onTimeout (/opt/homebrew/lib/node_modules/firebase-tools/lib/errorOut.js:20:17)
    at listOnTimeout (node:internal/timers:608:17)
    at process.processTimers (node:internal/timers:543:7)
[error] 
[error] Error: An unexpected error has occurred.
